2026-05-25 14:55:53, MOVE, v:1, k:ed@recursao, mode:DOWN
2026-05-25 14:55:54, MOVE, v:1, k:ed@triangulo, mode:PICK
2026-05-25 14:55:53, MOVE, v:1, k:ed@recursao, mode:EDIT
2026-05-25 14:55:53, MOVE, v:1, k:ed@recursao, mode:EDIT
2026-05-25 15:51:25, MOVE, v:1, k:ed@triangulo, mode:BACK
2026-05-25 15:51:35, MOVE, v:1, k:ed@bufferring, mode:DOWN
2026-05-25 15:51:41, MOVE, v:1, k:ed@bufferring, mode:PICK
2026-05-25 15:54:17, EXEC, v:1, k:ed@bufferring, mode:FULL, rate:0, size:110
2026-05-25 15:54:46, EXEC, v:1, k:ed@bufferring, mode:FULL, rate:0
2026-05-25 15:55:10, MOVE, v:1, k:ed@bufferring, mode:BACK
2026-05-25 15:55:58, MOVE, v:1, k:ed@triangulo, mode:PICK
2026-05-25 15:55:41, MOVE, v:1, k:ed@triangulo, mode:EDIT
2026-05-25 15:51:35, MOVE, v:1, k:ed@bufferring, mode:EDIT
2026-05-25 15:51:35, MOVE, v:1, k:ed@bufferring, mode:EDIT
2026-05-25 15:51:35, MOVE, v:1, k:ed@bufferring, mode:EDIT
2026-05-25 15:51:35, MOVE, v:1, k:ed@bufferring, mode:EDIT
2026-05-25 15:56:04, EXEC, v:1, k:ed@triangulo, mode:FULL, size:55, fail:COMP
2026-05-25 15:59:45, EXEC, v:1, k:ed@triangulo, mode:FULL, rate:0, size:55
2026-05-25 15:59:36, MOVE, v:1, k:ed@triangulo, mode:EDIT
2026-05-25 16:01:44, EXEC, v:1, k:ed@triangulo, mode:FULL, rate:0, size:55
2026-05-25 16:02:11, MOVE, v:1, k:ed@triangulo, mode:PICK
2026-05-25 16:02:04, MOVE, v:1, k:ed@triangulo, mode:EDIT
2026-05-25 16:20:17, EXEC, v:1, k:ed@triangulo, mode:FULL, rate:0, size:55
2026-05-25 16:26:31, EXEC, v:1, k:ed@triangulo, mode:FULL, rate:0, size:55
2026-05-25 16:26:26, MOVE, v:1, k:ed@triangulo, mode:EDIT
2026-05-25 16:28:06, MOVE, v:1, k:ed@triangulo, mode:BACK
2026-05-25 16:28:14, MOVE, v:1, k:ed@triangulo, mode:PICK
2026-05-25 16:28:25, MOVE, v:1, k:ed@triangulo, mode:BACK
2026-05-25 16:28:34, MOVE, v:1, k:ed@triangulo, mode:PICK
2026-05-25 16:28:42, MOVE, v:1, k:ed@triangulo, mode:BACK
2026-05-25 16:28:46, MOVE, v:1, k:ed@recursao, mode:PICK
2026-05-25 16:29:01, MOVE, v:1, k:ed@recursao, mode:BACK
2026-05-25 16:29:06, MOVE, v:1, k:ed@bufferring, mode:PICK
