2026-06-10 08:52:02, MOVE, v:1, k:ed@especiais, mode:PICK
2026-06-10 08:52:43, MOVE, v:1, k:ed@especiais, mode:BACK
2026-06-10 09:02:26, MOVE, v:1, k:ed@especiais, mode:PICK
2026-06-10 09:02:36, MOVE, v:1, k:ed@especiais, mode:BACK
2026-06-10 09:02:44, MOVE, v:1, k:ed@rotacoes, mode:PICK
2026-06-10 09:06:52, MOVE, v:1, k:ed@rotacoes, mode:BACK
2026-06-10 09:07:12, MOVE, v:1, k:ed@rotacoes, mode:PICK
2026-06-10 09:08:53, MOVE, v:1, k:ed@rotacoes, mode:BACK
2026-06-10 09:09:57, MOVE, v:1, k:ed@rotacoes, mode:PICK
2026-06-10 09:10:18, MOVE, v:1, k:ed@rotacoes, mode:BACK
2026-06-10 09:10:21, MOVE, v:1, k:ed@especiais, mode:PICK
2026-06-10 09:10:37, EXEC, v:1, k:ed@especiais, mode:FULL, fail:COMP
2026-06-10 09:18:11, EXEC, v:1, k:ed@especiais, mode:FULL, size:239, fail:COMP
2026-06-10 09:18:07, MOVE, v:1, k:ed@especiais, mode:EDIT
2026-06-10 09:23:04, EXEC, v:1, k:ed@especiais, mode:FULL, size:239, fail:COMP
2026-06-10 09:22:59, MOVE, v:1, k:ed@especiais, mode:EDIT
2026-06-10 09:27:59, EXEC, v:1, k:ed@especiais, mode:FULL, rate:87, size:243
2026-06-10 09:29:41, EXEC, v:1, k:ed@especiais, mode:FULL, rate:100, size:243
2026-06-10 09:29:34, MOVE, v:1, k:ed@especiais, mode:EDIT
2026-06-10 09:30:29, SELF, v:1, k:ed@especiais, self:1, rate:100, study:100000, concept:1, problem:1
2026-06-10 09:30:30, MOVE, v:1, k:ed@especiais, mode:BACK
2026-06-10 09:31:39, MOVE, v:1, k:ed@buscas, mode:PICK
2026-06-10 09:34:49, EXEC, v:1, k:ed@buscas, mode:FULL, rate:0, size:48
2026-06-10 09:34:45, MOVE, v:1, k:ed@buscas, mode:EDIT
2026-06-10 09:45:51, EXEC, v:1, k:ed@buscas, mode:FULL, size:49, fail:COMP
2026-06-10 09:45:51, EXEC, v:1, k:ed@buscas, mode:FULL, size:49, fail:COMP
2026-06-10 09:45:45, MOVE, v:1, k:ed@buscas, mode:EDIT
2026-06-10 09:46:06, EXEC, v:1, k:ed@buscas, mode:FULL, rate:0, size:48
2026-06-10 09:49:53, EXEC, v:1, k:ed@buscas, mode:FULL, size:49, fail:COMP
2026-06-10 09:49:48, MOVE, v:1, k:ed@buscas, mode:EDIT
2026-06-10 09:51:50, EXEC, v:1, k:ed@buscas, mode:FULL, size:50, fail:COMP
2026-06-10 09:52:43, MOVE, v:1, k:ed@buscas, mode:BACK
2026-06-10 09:54:14, MOVE, v:1, k:ed@buscas, mode:PICK
2026-06-10 09:54:18, EXEC, v:1, k:ed@buscas, mode:FULL, size:50, fail:COMP
2026-06-10 09:54:30, EXEC, v:1, k:ed@buscas, mode:FULL, fail:COMP
2026-06-10 09:54:32, EXEC, v:1, k:ed@buscas, mode:FREE
2026-06-10 09:55:12, EXEC, v:1, k:ed@buscas, mode:FULL, size:50, fail:COMP
2026-06-10 09:55:14, MOVE, v:1, k:ed@buscas, mode:BACK
2026-06-10 09:55:46, MOVE, v:1, k:ed@buscas, mode:PICK
2026-06-10 09:55:50, EXEC, v:1, k:ed@buscas, mode:FULL, rate:0, size:48
2026-06-10 09:55:42, MOVE, v:1, k:ed@buscas, mode:EDIT
2026-06-10 09:57:39, MOVE, v:1, k:ed@buscas, mode:BACK
2026-06-10 09:58:04, MOVE, v:1, k:ed@buscas, mode:PICK
2026-06-10 09:58:19, EXEC, v:1, k:ed@buscas, mode:FULL, rate:0, size:54
2026-06-10 09:58:57, MOVE, v:1, k:ed@buscas, mode:BACK
2026-06-10 09:58:58, MOVE, v:1, k:ed@buscas, mode:PICK
2026-06-10 09:59:05, EXEC, v:1, k:ed@buscas, mode:FULL, rate:87, size:54
2026-06-10 10:00:12, MOVE, v:1, k:ed@buscas, mode:BACK
2026-06-10 10:03:27, MOVE, v:1, k:ed@treinando, mode:PICK
2026-06-10 10:24:35, EXEC, v:1, k:ed@treinando, mode:FREE, size:94
2026-06-10 10:26:32, MOVE, v:1, k:ed@treinando, mode:PICK
2026-06-10 10:40:48, EXEC, v:1, k:ed@treinando, mode:FREE, size:114
2026-06-10 10:40:37, MOVE, v:1, k:ed@treinando, mode:EDIT
2026-06-10 10:41:08, EXEC, v:1, k:ed@treinando, mode:FULL, rate:33
2026-06-10 10:42:39, EXEC, v:1, k:ed@treinando, mode:FULL, rate:66, size:114
2026-06-10 10:42:42, MOVE, v:1, k:ed@treinando, mode:BACK
2026-06-10 10:42:44, MOVE, v:1, k:ed@treinando, mode:PICK
2026-06-10 10:43:08, EXEC, v:1, k:ed@treinando, mode:FULL, rate:33, size:114
2026-06-10 10:43:52, EXEC, v:1, k:ed@treinando, mode:FULL, rate:33, size:114
2026-06-10 10:43:48, MOVE, v:1, k:ed@treinando, mode:EDIT
2026-06-10 10:48:32, EXEC, v:1, k:ed@treinando, mode:FULL, rate:83, size:122
2026-06-10 10:48:29, MOVE, v:1, k:ed@treinando, mode:EDIT
2026-06-10 10:51:14, EXEC, v:1, k:ed@treinando, mode:FULL, rate:100, size:123
2026-06-10 10:51:17, MOVE, v:1, k:ed@treinando, mode:BACK
2026-06-10 10:51:36, MOVE, v:1, k:ed@treinando, mode:PICK
2026-06-10 10:51:51, SELF, v:1, k:ed@treinando, self:1, rate:100, study:40
2026-06-10 10:51:53, MOVE, v:1, k:ed@treinando, mode:BACK
2026-06-10 10:53:39, MOVE, v:1, k:ed@resto, mode:DOWN
2026-06-10 10:54:03, MOVE, v:1, k:ed@mdc, mode:DOWN
2026-06-10 10:54:05, MOVE, v:1, k:ed@resto, mode:PICK
2026-06-10 10:56:09, EXEC, v:1, k:ed@resto, mode:FULL, rate:0, size:5
2026-06-10 10:59:15, MOVE, v:1, k:ed@resto, mode:PICK
2026-06-10 11:04:26, EXEC, v:1, k:ed@resto, mode:FULL, rate:100, size:14
2026-06-10 11:04:28, MOVE, v:1, k:ed@resto, mode:BACK
2026-06-10 11:04:35, MOVE, v:1, k:ed@resto, mode:PICK
2026-06-10 11:04:47, SELF, v:1, k:ed@resto, self:1, rate:100, study:10
2026-06-10 11:04:47, MOVE, v:1, k:ed@resto, mode:BACK
2026-06-10 11:04:55, MOVE, v:1, k:ed@mdc, mode:PICK
2026-06-10 11:07:44, EXEC, v:1, k:ed@mdc, mode:FULL, rate:100, size:18
2026-06-10 11:07:50, SELF, v:1, k:ed@mdc, self:1, rate:100, study:5
2026-06-10 11:07:51, MOVE, v:1, k:ed@mdc, mode:BACK
2026-06-10 11:08:15, MOVE, v:1, k:ed@mdc, mode:PICK
2026-06-10 11:08:17, EXEC, v:1, k:ed@mdc, mode:FULL, rate:100
2026-06-10 11:08:17, MOVE, v:1, k:ed@mdc, mode:BACK
2026-06-10 14:29:34, MOVE, v:1, k:ed@fractais_png, mode:PICK
2026-06-10 14:32:38, MOVE, v:1, k:ed@fractais_png, mode:EDIT
2026-06-10 14:40:45, MOVE, v:1, k:ed@fractais_png, mode:EDIT
2026-06-10 14:47:46, MOVE, v:1, k:ed@fractais_png, mode:EDIT
2026-06-10 14:50:46, MOVE, v:1, k:ed@fractais_png, mode:EDIT
2026-06-10 14:51:04, MOVE, v:1, k:ed@fractais_png, mode:EDIT
2026-06-10 14:51:04, MOVE, v:1, k:ed@fractais_png, mode:EDIT
2026-06-10 14:58:25, MOVE, v:1, k:ed@fractais_png, mode:BACK
2026-06-10 14:58:32, MOVE, v:1, k:ed@fractais_png, mode:PICK
2026-06-10 14:58:22, MOVE, v:1, k:ed@fractais_png, mode:EDIT
2026-06-10 14:59:37, MOVE, v:1, k:ed@fractais_png, mode:EDIT
2026-06-10 15:06:40, EXEC, v:1, k:ed@fractais_png, mode:FREE, size:150
2026-06-10 15:06:52, EXEC, v:1, k:ed@fractais_png, mode:LOCK, rate:0
2026-06-10 15:08:45, MOVE, v:1, k:ed@fractais_png, mode:EDIT
2026-06-10 15:06:51, MOVE, v:1, k:ed@fractais_png, mode:EDIT
2026-06-10 15:09:19, EXEC, v:1, k:ed@fractais_png, mode:LOCK, rate:0, size:152
2026-06-10 15:09:31, EXEC, v:1, k:ed@fractais_png, mode:LOCK, rate:0
2026-06-10 15:09:41, EXEC, v:1, k:ed@fractais_png, mode:LOCK, rate:0
2026-06-10 15:12:14, MOVE, v:1, k:ed@fractais_png, mode:EDIT
2026-06-10 15:13:47, MOVE, v:1, k:ed@fractais_png, mode:EDIT
2026-06-10 15:15:53, MOVE, v:1, k:ed@fractais_png, mode:EDIT
2026-06-10 22:38:09, MOVE, v:1, k:ed@eh_primo, mode:DOWN
2026-06-10 22:38:10, MOVE, v:1, k:ed@eh_primo, mode:PICK
2026-06-10 22:39:12, EXEC, v:1, k:ed@eh_primo, mode:FULL, rate:44, size:20
2026-06-10 22:39:14, MOVE, v:1, k:ed@eh_primo, mode:BACK
2026-06-10 22:39:16, MOVE, v:1, k:ed@fractais_png, mode:PICK
2026-06-10 22:39:18, EXEC, v:1, k:ed@fractais_png, mode:FULL, size:144, fail:COMP
2026-06-10 22:39:20, MOVE, v:1, k:ed@fractais_png, mode:BACK
2026-06-10 22:39:21, MOVE, v:1, k:ed@fractais_png, mode:PICK
2026-06-10 22:38:09, MOVE, v:1, k:ed@eh_primo, mode:EDIT
2026-06-10 22:38:09, MOVE, v:1, k:ed@eh_primo, mode:EDIT
2026-06-10 22:38:09, MOVE, v:1, k:ed@eh_primo, mode:EDIT
2026-06-10 22:44:45, EXEC, v:1, k:ed@fractais_png, mode:FULL, size:147, fail:COMP
2026-06-10 22:44:42, MOVE, v:1, k:ed@fractais_png, mode:EDIT
2026-06-10 22:48:25, EXEC, v:1, k:ed@fractais_png, mode:FULL, size:152, fail:COMP
2026-06-10 22:51:44, EXEC, v:1, k:ed@fractais_png, mode:LOCK, rate:0, size:152
2026-06-10 22:51:40, MOVE, v:1, k:ed@fractais_png, mode:EDIT
2026-06-10 22:51:44, MOVE, v:1, k:ed@fractais_png, mode:EDIT
2026-06-10 22:53:27, EXEC, v:1, k:ed@fractais_png, mode:LOCK, rate:0, size:116
2026-06-10 22:54:33, EXEC, v:1, k:ed@fractais_png, mode:LOCK, rate:0, size:140
2026-06-10 22:54:29, MOVE, v:1, k:ed@fractais_png, mode:EDIT
2026-06-10 22:54:33, MOVE, v:1, k:ed@fractais_png, mode:EDIT
2026-06-10 22:58:42, EXEC, v:1, k:ed@fractais_png, mode:LOCK, rate:0, size:142
2026-06-10 22:59:13, EXEC, v:1, k:ed@fractais_png, mode:LOCK, rate:0
2026-06-10 22:59:34, EXEC, v:1, k:ed@fractais_png, mode:LOCK, rate:0, size:142
2026-06-10 23:02:12, MOVE, v:1, k:ed@fractais_png, mode:EDIT
2026-06-10 23:02:05, MOVE, v:1, k:ed@fractais_png, mode:EDIT
2026-06-10 23:07:04, MOVE, v:1, k:ed@fractais_png, mode:EDIT
2026-06-10 23:07:08, MOVE, v:1, k:ed@fractais_png, mode:EDIT
2026-06-10 23:08:39, MOVE, v:1, k:ed@fractais_png, mode:EDIT
2026-06-10 23:08:26, MOVE, v:1, k:ed@fractais_png, mode:EDIT
2026-06-10 23:16:33, MOVE, v:1, k:ed@fractais_png, mode:EDIT
2026-06-10 23:19:23, MOVE, v:1, k:ed@fractais_png, mode:EDIT
2026-06-10 23:19:26, MOVE, v:1, k:ed@fractais_png, mode:EDIT
2026-06-10 23:36:21, MOVE, v:1, k:ed@fractais_png, mode:EDIT
2026-06-10 23:42:15, MOVE, v:1, k:ed@fractais_png, mode:EDIT
2026-06-10 23:42:19, MOVE, v:1, k:ed@fractais_png, mode:EDIT
