2026-06-08 15:13:22, MOVE, v:1, k:ed@especiais, mode:PICK
2026-06-08 15:29:48, EXEC, v:1, k:ed@especiais, mode:FREE, size:239
2026-06-08 15:29:51, MOVE, v:1, k:ed@especiais, mode:BACK
2026-06-08 15:29:54, MOVE, v:1, k:ed@especiais, mode:PICK
2026-06-08 15:30:12, EXEC, v:1, k:ed@especiais, mode:FULL, size:239, fail:COMP
2026-06-08 15:30:16, EXEC, v:1, k:ed@especiais, mode:FREE
2026-06-08 15:30:18, MOVE, v:1, k:ed@especiais, mode:BACK
2026-06-08 15:30:19, MOVE, v:1, k:ed@especiais, mode:PICK
2026-06-08 15:30:28, EXEC, v:1, k:ed@especiais, mode:FULL, fail:COMP
2026-06-08 15:30:52, EXEC, v:1, k:ed@especiais, mode:FULL, size:239, fail:COMP
2026-06-08 15:30:59, EXEC, v:1, k:ed@especiais, mode:FULL, size:239, fail:COMP
2026-06-08 15:31:00, MOVE, v:1, k:ed@especiais, mode:BACK
2026-06-08 15:31:32, MOVE, v:1, k:ed@especiais, mode:PICK
2026-06-08 15:31:48, EXEC, v:1, k:ed@especiais, mode:FULL, size:238, fail:COMP
2026-06-08 15:32:01, EXEC, v:1, k:ed@especiais, mode:FULL, fail:COMP
2026-06-08 15:32:03, EXEC, v:1, k:ed@especiais, mode:FREE
2026-06-08 15:32:05, MOVE, v:1, k:ed@especiais, mode:BACK
2026-06-08 15:32:07, MOVE, v:1, k:ed@especiais, mode:PICK
2026-06-08 15:32:22, EXEC, v:1, k:ed@especiais, mode:FULL, size:239, fail:COMP
2026-06-08 15:32:23, MOVE, v:1, k:ed@especiais, mode:BACK
2026-06-08 15:34:34, MOVE, v:1, k:ed@buscas, mode:PICK
2026-06-08 15:32:19, MOVE, v:1, k:ed@especiais, mode:EDIT
2026-06-08 15:37:13, MOVE, v:1, k:ed@buscas, mode:BACK
2026-06-08 15:37:19, MOVE, v:1, k:ed@buscas, mode:PICK
2026-06-08 15:56:34, EXEC, v:1, k:ed@buscas, mode:FREE, size:42
2026-06-08 15:56:38, MOVE, v:1, k:ed@buscas, mode:BACK
2026-06-08 15:57:42, MOVE, v:1, k:ed@buscas, mode:PICK
2026-06-08 16:05:30, EXEC, v:1, k:ed@buscas, mode:FREE, size:48
2026-06-08 16:05:32, MOVE, v:1, k:ed@buscas, mode:BACK
2026-06-08 16:05:27, MOVE, v:1, k:ed@buscas, mode:EDIT
