2026-07-12 15:22:55, MOVE, v:1, k:ed@altura, mode:PICK
2026-07-12 15:28:25, EXEC, v:1, k:ed@altura, mode:FULL, rate:0, size:108
2026-07-12 15:35:05, EXEC, v:1, k:ed@altura, mode:FULL, rate:0
2026-07-12 15:35:02, MOVE, v:1, k:ed@vetequals, mode:EDIT
2026-07-12 15:35:10, MOVE, v:1, k:ed@altura, mode:BACK
2026-07-12 15:35:14, MOVE, v:1, k:ed@altura, mode:PICK
2026-07-12 15:35:24, MOVE, v:1, k:ed@altura, mode:BACK
2026-07-12 15:35:36, MOVE, v:1, k:ed@altura, mode:PICK
2026-07-12 15:36:21, MOVE, v:1, k:ed@altura, mode:BACK
2026-07-12 15:36:24, MOVE, v:1, k:ed@compare, mode:PICK
2026-07-12 15:38:01, EXEC, v:1, k:ed@compare, mode:FULL, rate:25, size:84
2026-07-12 15:37:35, MOVE, v:1, k:ed@vetequals, mode:EDIT
2026-07-12 15:37:59, MOVE, v:1, k:ed@altura, mode:EDIT
2026-07-12 15:45:56, EXEC, v:1, k:ed@compare, mode:FULL, rate:25
2026-07-12 15:46:01, EXEC, v:1, k:ed@compare, mode:FULL, rate:25
2026-07-12 15:46:07, MOVE, v:1, k:ed@compare, mode:BACK
2026-07-12 15:46:29, MOVE, v:1, k:ed@compare, mode:PICK
2026-07-12 15:46:36, MOVE, v:1, k:ed@compare, mode:BACK
2026-07-12 15:46:42, MOVE, v:1, k:ed@altura, mode:PICK
2026-07-12 15:46:56, MOVE, v:1, k:ed@altura, mode:BACK
2026-07-12 15:47:05, MOVE, v:1, k:ed@altura, mode:PICK
2026-07-12 15:47:12, EXEC, v:1, k:ed@altura, mode:FULL, size:140, fail:COMP
2026-07-12 15:47:39, MOVE, v:1, k:ed@altura, mode:BACK
2026-07-12 15:47:43, MOVE, v:1, k:ed@altura, mode:PICK
2026-07-12 15:47:37, MOVE, v:1, k:ed@altura, mode:EDIT
2026-07-12 15:50:51, EXEC, v:1, k:ed@altura, mode:FULL, size:145, fail:COMP
2026-07-12 15:51:41, EXEC, v:1, k:ed@altura, mode:FULL, size:145, fail:COMP
2026-07-12 15:55:00, MOVE, v:1, k:ed@altura, mode:EDIT
2026-07-12 15:55:27, EXEC, v:1, k:ed@altura, mode:FULL, rate:0, size:139
2026-07-12 15:56:29, EXEC, v:1, k:ed@altura, mode:FULL, rate:100, size:139
2026-07-12 15:56:39, SELF, v:1, k:ed@altura, self:1, rate:100, study:40
2026-07-12 15:56:42, MOVE, v:1, k:ed@altura, mode:BACK
2026-07-12 15:56:52, MOVE, v:1, k:ed@compare, mode:PICK
2026-07-12 15:57:20, EXEC, v:1, k:ed@compare, mode:FULL, rate:25
2026-07-12 15:56:27, MOVE, v:1, k:ed@altura, mode:EDIT
2026-07-12 16:06:10, EXEC, v:1, k:ed@compare, mode:FULL, size:100, fail:COMP
2026-07-12 16:08:22, EXEC, v:1, k:ed@compare, mode:FULL, rate:100, size:102
2026-07-12 16:08:31, SELF, v:1, k:ed@compare, self:1, rate:100, study:30
2026-07-12 16:08:32, MOVE, v:1, k:ed@compare, mode:BACK
2026-07-12 16:08:45, MOVE, v:1, k:ed@compare, mode:PICK
2026-07-12 16:09:10, SELF, v:1, k:ed@compare, self:1, rate:100, study:20
2026-07-12 16:09:14, MOVE, v:1, k:ed@compare, mode:BACK
2026-07-12 16:09:18, MOVE, v:1, k:ed@compare, mode:PICK
2026-07-12 16:09:20, EXEC, v:1, k:ed@compare, mode:FULL, rate:100
2026-07-12 16:09:20, MOVE, v:1, k:ed@compare, mode:BACK
2026-07-12 16:10:03, SELF, v:1, k:ed@compare, self:1, rate:100, study:30
2026-07-12 16:10:14, SELF, v:1, k:ed@altura, self:1, rate:100, study:40
2026-07-12 16:10:35, SELF, v:1, k:ed@altura, self:1, rate:100, study:40
2026-07-12 16:12:05, MOVE, v:1, k:ed@compare, mode:PICK
2026-07-12 16:12:08, EXEC, v:1, k:ed@compare, mode:FULL, rate:100
2026-07-12 16:12:58, MOVE, v:1, k:ed@compare, mode:BACK
2026-07-12 16:13:01, MOVE, v:1, k:ed@altura, mode:PICK
2026-07-12 16:13:04, EXEC, v:1, k:ed@altura, mode:FULL, rate:100
2026-07-12 16:13:08, MOVE, v:1, k:ed@altura, mode:BACK
2026-07-12 16:15:04, MOVE, v:1, k:ed@arvore-path, mode:DOWN
2026-07-12 16:15:05, MOVE, v:1, k:ed@arvore-path, mode:PICK
2026-07-12 16:15:17, EXEC, v:1, k:ed@arvore-path, mode:FULL, size:80, fail:COMP
2026-07-12 16:15:04, MOVE, v:1, k:ed@arvore-path, mode:EDIT
2026-07-12 16:15:04, MOVE, v:1, k:ed@arvore-path, mode:EDIT
2026-07-12 18:24:25, MOVE, v:1, k:ed@arvore-path, mode:BACK
2026-07-12 19:00:21, MOVE, v:1, k:ed@bst_insert, mode:DOWN
2026-07-12 19:00:23, MOVE, v:1, k:ed@arvore-path, mode:PICK
2026-07-12 19:00:27, EXEC, v:1, k:ed@arvore-path, mode:FULL, fail:COMP
2026-07-12 19:00:50, MOVE, v:1, k:ed@arvore-path, mode:BACK
2026-07-12 19:00:54, MOVE, v:1, k:ed@bst_insert, mode:PICK
2026-07-12 19:01:36, MOVE, v:1, k:ed@bst_insert, mode:BACK
2026-07-12 19:00:21, MOVE, v:1, k:ed@bst_insert, mode:EDIT
2026-07-12 19:00:21, MOVE, v:1, k:ed@bst_insert, mode:EDIT
2026-07-12 19:05:39, MOVE, v:1, k:ed@arvore-path, mode:PICK
2026-07-12 19:12:52, EXEC, v:1, k:ed@arvore-path, mode:FULL, size:86, fail:COMP
2026-07-12 19:12:50, MOVE, v:1, k:ed@arvore-path, mode:EDIT
2026-07-12 19:42:08, EXEC, v:1, k:ed@arvore-path, mode:FULL, size:92, fail:COMP
2026-07-12 19:43:35, EXEC, v:1, k:ed@arvore-path, mode:FULL, size:92, fail:COMP
2026-07-12 19:44:14, EXEC, v:1, k:ed@arvore-path, mode:FULL, rate:100, size:92
2026-07-12 19:44:26, SELF, v:1, k:ed@arvore-path, self:1, rate:100, study:20
2026-07-12 19:44:27, MOVE, v:1, k:ed@arvore-path, mode:BACK
2026-07-12 19:44:52, MOVE, v:1, k:ed@bst_serial, mode:DOWN
2026-07-12 19:44:53, MOVE, v:1, k:ed@bst_remove, mode:DOWN
2026-07-12 19:44:10, MOVE, v:1, k:ed@arvore-path, mode:EDIT
2026-07-12 19:44:52, MOVE, v:1, k:ed@bst_serial, mode:EDIT
2026-07-12 19:44:52, MOVE, v:1, k:ed@bst_serial, mode:EDIT
2026-07-12 19:44:53, MOVE, v:1, k:ed@bst_remove, mode:EDIT
2026-07-12 19:44:53, MOVE, v:1, k:ed@bst_remove, mode:EDIT
2026-07-12 19:45:00, MOVE, v:1, k:ed@bst_insert, mode:PICK
2026-07-12 19:46:55, EXEC, v:1, k:ed@bst_insert, mode:FULL, size:72, fail:COMP
2026-07-12 19:46:53, MOVE, v:1, k:ed@bst_insert, mode:EDIT
2026-07-12 20:19:08, EXEC, v:1, k:ed@bst_insert, mode:FULL, rate:0, size:77
2026-07-12 20:19:04, MOVE, v:1, k:ed@bst_insert, mode:EDIT
2026-07-12 20:56:45, EXEC, v:1, k:ed@bst_insert, mode:FULL, rate:100, size:79
2026-07-12 20:56:54, SELF, v:1, k:ed@bst_insert, self:1, rate:100, study:20
2026-07-12 20:56:55, MOVE, v:1, k:ed@bst_insert, mode:BACK
2026-07-12 20:56:41, MOVE, v:1, k:ed@bst_insert, mode:EDIT
2026-07-12 20:57:10, MOVE, v:1, k:ed@bst_insert, mode:PICK
2026-07-12 20:57:15, EXEC, v:1, k:ed@bst_insert, mode:FULL, rate:100
2026-07-12 20:57:16, MOVE, v:1, k:ed@bst_insert, mode:BACK
2026-07-12 20:58:22, MOVE, v:1, k:ed@bst_serial, mode:PICK
2026-07-12 20:58:49, MOVE, v:1, k:ed@bst_serial, mode:BACK
2026-07-12 21:03:42, MOVE, v:1, k:ed@bst_serial, mode:PICK
2026-07-12 21:03:50, MOVE, v:1, k:ed@bst_serial, mode:BACK
2026-07-12 21:03:53, MOVE, v:1, k:ed@bst_remove, mode:PICK
2026-07-12 21:03:59, MOVE, v:1, k:ed@bst_remove, mode:BACK
2026-07-12 21:06:21, MOVE, v:1, k:ed@bst_serial, mode:PICK
2026-07-12 21:06:30, EXEC, v:1, k:ed@bst_serial, mode:FULL, rate:0, size:74
2026-07-12 21:16:21, EXEC, v:1, k:ed@bst_serial, mode:FULL, rate:0, size:90
2026-07-12 21:16:23, MOVE, v:1, k:ed@bst_serial, mode:BACK
2026-07-12 21:16:25, MOVE, v:1, k:ed@bst_serial, mode:PICK
2026-07-12 21:16:18, MOVE, v:1, k:ed@bst_serial, mode:EDIT
2026-07-12 21:23:05, EXEC, v:1, k:ed@bst_serial, mode:FULL, rate:0
2026-07-12 21:26:28, EXEC, v:1, k:ed@bst_serial, mode:FULL, size:97, fail:COMP
2026-07-12 21:27:19, EXEC, v:1, k:ed@bst_serial, mode:FULL, size:98, fail:COMP
2026-07-12 21:27:59, EXEC, v:1, k:ed@bst_serial, mode:FULL, rate:100, size:98
2026-07-12 21:28:10, SELF, v:1, k:ed@bst_serial, self:1, rate:100, study:30, concept:1
2026-07-12 21:28:11, EXEC, v:1, k:ed@bst_serial, mode:FULL, rate:100
2026-07-12 21:28:12, MOVE, v:1, k:ed@bst_serial, mode:BACK
2026-07-12 21:29:04, MOVE, v:1, k:ed@bst_remove, mode:PICK
2026-07-12 21:29:18, EXEC, v:1, k:ed@bst_remove, mode:FULL, rate:0, size:79
2026-07-12 21:27:57, MOVE, v:1, k:ed@bst_serial, mode:EDIT
2026-07-12 21:36:07, MOVE, v:1, k:ed@bst_remove, mode:BACK
2026-07-12 21:36:09, MOVE, v:1, k:ed@bst_remove, mode:PICK
2026-07-12 21:36:11, EXEC, v:1, k:ed@bst_remove, mode:FULL, rate:0
2026-07-12 21:36:12, MOVE, v:1, k:ed@bst_remove, mode:BACK
2026-07-12 21:36:18, MOVE, v:1, k:ed@bst_remove, mode:PICK
2026-07-12 21:40:49, EXEC, v:1, k:ed@bst_remove, mode:FULL, rate:12, size:101
2026-07-12 21:41:00, MOVE, v:1, k:ed@bst_remove, mode:BACK
2026-07-12 21:41:04, MOVE, v:1, k:ed@bst_remove, mode:PICK
2026-07-12 21:41:10, EXEC, v:1, k:ed@bst_remove, mode:FULL, rate:12
2026-07-12 21:40:46, MOVE, v:1, k:ed@bst_remove, mode:EDIT
2026-07-12 21:51:30, EXEC, v:1, k:ed@bst_remove, mode:FULL, size:118, fail:COMP
2026-07-12 21:51:41, EXEC, v:1, k:ed@bst_remove, mode:FULL, fail:COMP
2026-07-12 21:51:42, MOVE, v:1, k:ed@bst_remove, mode:BACK
2026-07-12 21:51:52, MOVE, v:1, k:ed@bst_remove, mode:PICK
2026-07-12 21:53:28, EXEC, v:1, k:ed@bst_remove, mode:FULL, fail:COMP
2026-07-12 21:53:52, EXEC, v:1, k:ed@bst_remove, mode:FULL, size:118, fail:COMP
2026-07-12 21:53:51, MOVE, v:1, k:ed@bst_remove, mode:EDIT
2026-07-12 21:57:20, EXEC, v:1, k:ed@bst_remove, mode:FULL, size:118, fail:COMP
2026-07-12 21:59:49, EXEC, v:1, k:ed@bst_remove, mode:FULL, size:118, fail:COMP
2026-07-12 22:00:09, EXEC, v:1, k:ed@bst_remove, mode:FULL, rate:100, size:119
2026-07-12 22:00:24, SELF, v:1, k:ed@bst_remove, self:1, rate:100, study:30, concept:1
2026-07-12 22:00:25, MOVE, v:1, k:ed@bst_remove, mode:BACK
2026-07-12 22:01:02, MOVE, v:1, k:ed@ilhas, mode:DOWN
2026-07-12 22:01:03, MOVE, v:1, k:ed@cercado, mode:DOWN
2026-07-12 22:01:04, MOVE, v:1, k:ed@pintura, mode:DOWN
2026-07-12 22:01:08, MOVE, v:1, k:ed@ilhas, mode:PICK
2026-07-12 22:00:06, MOVE, v:1, k:ed@bst_remove, mode:EDIT
2026-07-12 22:01:02, MOVE, v:1, k:ed@ilhas, mode:EDIT
2026-07-12 22:01:02, MOVE, v:1, k:ed@ilhas, mode:EDIT
2026-07-12 22:01:03, MOVE, v:1, k:ed@cercado, mode:EDIT
2026-07-12 22:01:03, MOVE, v:1, k:ed@cercado, mode:EDIT
2026-07-12 22:01:04, MOVE, v:1, k:ed@pintura, mode:EDIT
2026-07-12 22:01:04, MOVE, v:1, k:ed@pintura, mode:EDIT
2026-07-12 22:01:21, MOVE, v:1, k:ed@ilhas, mode:BACK
2026-07-12 22:02:15, MOVE, v:1, k:ed@cercado, mode:PICK
2026-07-12 22:02:22, MOVE, v:1, k:ed@cercado, mode:BACK
2026-07-12 22:02:23, MOVE, v:1, k:ed@pintura, mode:PICK
2026-07-12 22:02:31, MOVE, v:1, k:ed@pintura, mode:BACK
2026-07-12 22:04:50, MOVE, v:1, k:ed@ilhas, mode:PICK
2026-07-12 22:09:06, EXEC, v:1, k:ed@ilhas, mode:FULL, size:31, fail:COMP
2026-07-12 22:09:07, MOVE, v:1, k:ed@ilhas, mode:BACK
2026-07-12 22:09:11, MOVE, v:1, k:ed@ilhas, mode:PICK
2026-07-12 22:09:03, MOVE, v:1, k:ed@ilhas, mode:EDIT
2026-07-12 22:14:06, EXEC, v:1, k:ed@ilhas, mode:FULL, size:42, fail:COMP
2026-07-12 22:14:07, MOVE, v:1, k:ed@ilhas, mode:BACK
2026-07-12 22:14:09, MOVE, v:1, k:ed@ilhas, mode:PICK
2026-07-12 22:14:03, MOVE, v:1, k:ed@ilhas, mode:EDIT
2026-07-12 22:21:15, EXEC, v:1, k:ed@ilhas, mode:FULL, size:52, fail:COMP
2026-07-12 22:21:23, MOVE, v:1, k:ed@ilhas, mode:BACK
2026-07-12 22:21:26, MOVE, v:1, k:ed@ilhas, mode:PICK
2026-07-12 22:22:47, EXEC, v:1, k:ed@ilhas, mode:FULL, rate:100, size:52
2026-07-12 22:22:58, SELF, v:1, k:ed@ilhas, self:1, rate:100, study:25, concept:1
2026-07-12 22:23:00, MOVE, v:1, k:ed@ilhas, mode:BACK
2026-07-12 22:23:43, MOVE, v:1, k:ed@cercado, mode:PICK
2026-07-12 22:24:00, EXEC, v:1, k:ed@cercado, mode:FULL, rate:33, size:29
2026-07-12 22:25:59, EXEC, v:1, k:ed@cercado, mode:FULL, rate:33
2026-07-12 22:26:00, MOVE, v:1, k:ed@cercado, mode:BACK
2026-07-12 22:26:01, MOVE, v:1, k:ed@cercado, mode:PICK
2026-07-12 22:26:43, MOVE, v:1, k:ed@cercado, mode:BACK
2026-07-12 22:26:44, MOVE, v:1, k:ed@ilhas, mode:PICK
2026-07-12 22:33:42, EXEC, v:1, k:ed@ilhas, mode:FULL, rate:100
2026-07-12 22:33:55, SELF, v:1, k:ed@ilhas, self:1, rate:100, study:35, concept:1
2026-07-12 22:33:57, MOVE, v:1, k:ed@ilhas, mode:BACK
2026-07-12 22:34:03, MOVE, v:1, k:ed@cercado, mode:PICK
2026-07-12 22:34:05, EXEC, v:1, k:ed@cercado, mode:FULL, rate:0, size:62
2026-07-12 22:34:15, MOVE, v:1, k:ed@cercado, mode:BACK
2026-07-12 22:34:22, MOVE, v:1, k:ed@ilhas, mode:PICK
2026-07-12 22:34:27, MOVE, v:1, k:ed@ilhas, mode:BACK
2026-07-12 22:34:29, MOVE, v:1, k:ed@cercado, mode:PICK
2026-07-12 22:34:39, EXEC, v:1, k:ed@cercado, mode:FULL, rate:0
2026-07-12 22:36:40, EXEC, v:1, k:ed@cercado, mode:FULL, rate:0, size:62
2026-07-12 22:37:38, EXEC, v:1, k:ed@cercado, mode:FULL, rate:0, size:62
2026-07-12 22:37:44, EXEC, v:1, k:ed@cercado, mode:FULL, rate:0
2026-07-12 22:38:21, EXEC, v:1, k:ed@cercado, mode:FULL, rate:100, size:62
2026-07-12 22:38:19, MOVE, v:1, k:ed@cercado, mode:EDIT
2026-07-12 22:38:29, SELF, v:1, k:ed@cercado, self:1, rate:100, study:35, concept:1
2026-07-12 22:38:32, MOVE, v:1, k:ed@cercado, mode:BACK
