2026-06-30 22:17:40, MOVE, v:1, k:ed@lista_d4, mode:DOWN
2026-06-30 22:17:41, MOVE, v:1, k:ed@lista_d4, mode:PICK
2026-06-30 22:21:26, EXEC, v:1, k:ed@lista_d4, mode:FREE, size:124
2026-06-30 22:22:28, MOVE, v:1, k:ed@lista_d4, mode:PICK
2026-06-30 22:23:14, EXEC, v:1, k:ed@lista_d4, mode:FULL, rate:0
2026-06-30 22:26:32, MOVE, v:1, k:ed@magicsearch, mode:EDIT
2026-06-30 22:31:44, EXEC, v:1, k:ed@lista_d4, mode:FULL, rate:0
2026-06-30 22:31:40, MOVE, v:1, k:ed@magicsearch, mode:EDIT
2026-06-30 22:40:47, EXEC, v:1, k:ed@lista_d4, mode:FULL, rate:0
2026-06-30 22:40:55, EXEC, v:1, k:ed@lista_d4, mode:FULL, rate:0
2026-06-30 22:40:51, MOVE, v:1, k:ed@magicsearch, mode:EDIT
2026-06-30 22:42:17, EXEC, v:1, k:ed@lista_d4, mode:FULL, rate:0
2026-06-30 22:42:53, MOVE, v:1, k:ed@lista_d4, mode:BACK
2026-06-30 22:43:54, MOVE, v:1, k:ed@lista_d4, mode:PICK
2026-06-30 22:43:39, MOVE, v:1, k:ed@magicsearch, mode:EDIT
2026-06-30 23:00:01, EXEC, v:1, k:ed@lista_d4, mode:FULL, size:151, fail:COMP
2026-06-30 23:00:05, MOVE, v:1, k:ed@lista_d4, mode:EDIT
2026-06-30 23:04:28, EXEC, v:1, k:ed@lista_d4, mode:FULL, rate:0, size:152
2026-06-30 23:04:22, MOVE, v:1, k:ed@lista_d4, mode:EDIT
2026-06-30 23:09:16, EXEC, v:1, k:ed@lista_d4, mode:FULL, rate:100, size:152
2026-06-30 23:09:25, SELF, v:1, k:ed@lista_d4, self:1, rate:100, study:50
2026-06-30 23:09:26, MOVE, v:1, k:ed@lista_d4, mode:BACK
2026-06-30 23:09:43, MOVE, v:1, k:ed@lista_d4, mode:PICK
2026-06-30 23:09:48, SELF, v:1, k:ed@lista_d4, self:1, rate:100, study:30
2026-06-30 23:09:49, EXEC, v:1, k:ed@lista_d4, mode:FULL, rate:100
2026-06-30 23:09:49, MOVE, v:1, k:ed@lista_d4, mode:BACK
2026-06-30 23:10:01, MOVE, v:1, k:ed@lista_d3, mode:DOWN
2026-06-30 23:10:02, MOVE, v:1, k:ed@lista_d3, mode:PICK
2026-06-30 23:09:10, MOVE, v:1, k:ed@lista_d4, mode:EDIT
2026-06-30 23:10:01, MOVE, v:1, k:ed@lista_d3, mode:EDIT
2026-06-30 23:10:01, MOVE, v:1, k:ed@lista_d3, mode:EDIT
2026-06-30 23:10:01, MOVE, v:1, k:ed@lista_d3, mode:EDIT
2026-06-30 23:51:33, EXEC, v:1, k:ed@lista_d3, mode:FULL, size:185, fail:COMP
2026-06-30 23:51:28, MOVE, v:1, k:ed@lista_d3, mode:EDIT
