2026-06-26 21:07:55, MOVE, v:1, k:ed@editorint, mode:PICK
2026-06-26 21:08:08, SELF, v:1, k:ed@editorint, self:1, rate:100, study:120
2026-06-26 21:08:09, MOVE, v:1, k:ed@editorint, mode:BACK
2026-06-26 21:09:50, MOVE, v:1, k:ed@eh_primo, mode:PICK
2026-06-26 21:19:27, EXEC, v:1, k:ed@eh_primo, mode:FULL, rate:100, size:32
2026-06-26 21:19:53, MOVE, v:1, k:ed@eh_primo, mode:BACK
2026-06-26 21:19:56, MOVE, v:1, k:ed@eh_primo, mode:PICK
2026-06-26 21:19:57, MOVE, v:1, k:ed@eh_primo, mode:BACK
2026-06-26 21:20:02, MOVE, v:1, k:ed@eh_primo, mode:PICK
2026-06-26 21:20:16, SELF, v:1, k:ed@eh_primo, self:1, rate:100, study:15
2026-06-26 21:20:17, MOVE, v:1, k:ed@eh_primo, mode:BACK
2026-06-26 21:20:30, MOVE, v:1, k:ed@fractais_png, mode:PICK
2026-06-26 21:20:35, MOVE, v:1, k:ed@eh_primo, mode:EDIT
2026-06-26 21:27:21, MOVE, v:1, k:ed@fractais_png, mode:EDIT
2026-06-26 21:28:55, MOVE, v:1, k:ed@fractais_png, mode:EDIT
2026-06-26 21:37:12, MOVE, v:1, k:ed@fractais_png, mode:EDIT
2026-06-26 21:41:31, MOVE, v:1, k:ed@fractais_png, mode:EDIT
2026-06-26 21:41:37, MOVE, v:1, k:ed@fractais_png, mode:EDIT
2026-06-26 21:41:01, MOVE, v:1, k:ed@fractais_png, mode:EDIT
2026-06-26 21:44:49, MOVE, v:1, k:ed@fractais_png, mode:EDIT
2026-06-26 21:44:47, MOVE, v:1, k:ed@fractais_png, mode:EDIT
2026-06-26 21:50:18, MOVE, v:1, k:ed@fractais_png, mode:EDIT
2026-06-26 21:50:34, MOVE, v:1, k:ed@fractais_png, mode:EDIT
2026-06-26 21:54:25, MOVE, v:1, k:ed@fractais_png, mode:EDIT
2026-06-26 21:54:33, MOVE, v:1, k:ed@fractais_png, mode:EDIT
2026-06-26 22:01:41, MOVE, v:1, k:ed@fractais_png, mode:EDIT
2026-06-26 22:01:47, MOVE, v:1, k:ed@fractais_png, mode:EDIT
2026-06-26 22:06:28, MOVE, v:1, k:ed@fractais_png, mode:EDIT
2026-06-26 22:06:38, MOVE, v:1, k:ed@fractais_png, mode:EDIT
2026-06-26 22:10:05, MOVE, v:1, k:ed@fractais_png, mode:EDIT
2026-06-26 22:10:11, MOVE, v:1, k:ed@fractais_png, mode:EDIT
2026-06-26 22:16:42, MOVE, v:1, k:ed@fractais_png, mode:EDIT
2026-06-26 22:16:44, MOVE, v:1, k:ed@fractais_png, mode:EDIT
2026-06-26 22:18:47, MOVE, v:1, k:ed@fractais_png, mode:EDIT
2026-06-26 22:18:51, MOVE, v:1, k:ed@fractais_png, mode:EDIT
2026-06-26 22:25:45, MOVE, v:1, k:ed@fractais_png, mode:EDIT
2026-06-26 22:31:57, MOVE, v:1, k:ed@fractais_png, mode:EDIT
2026-06-26 22:31:50, MOVE, v:1, k:ed@fractais_png, mode:EDIT
2026-06-26 22:36:58, MOVE, v:1, k:ed@fractais_png, mode:EDIT
2026-06-26 22:36:54, MOVE, v:1, k:ed@fractais_png, mode:EDIT
2026-06-26 22:38:58, MOVE, v:1, k:ed@fractais_png, mode:EDIT
2026-06-26 22:39:00, MOVE, v:1, k:ed@fractais_png, mode:EDIT
2026-06-26 22:50:37, MOVE, v:1, k:ed@fractais_png, mode:EDIT
2026-06-26 22:49:56, MOVE, v:1, k:ed@fractais_png, mode:EDIT
2026-06-26 22:54:31, MOVE, v:1, k:ed@fractais_png, mode:EDIT
2026-06-26 22:54:28, MOVE, v:1, k:ed@fractais_png, mode:EDIT
2026-06-26 23:01:47, MOVE, v:1, k:ed@fractais_png, mode:EDIT
2026-06-26 23:04:52, MOVE, v:1, k:ed@fractais_png, mode:EDIT
2026-06-26 23:04:59, MOVE, v:1, k:ed@fractais_png, mode:EDIT
2026-06-26 23:08:03, MOVE, v:1, k:ed@fractais_png, mode:BACK
2026-06-26 23:08:12, MOVE, v:1, k:ed@fractais_png, mode:PICK
2026-06-26 23:08:16, EXEC, v:1, k:ed@fractais_png, mode:FREE, size:180
2026-06-26 23:08:19, MOVE, v:1, k:ed@fractais_png, mode:BACK
2026-06-26 23:07:23, MOVE, v:1, k:ed@fractais_png, mode:EDIT
2026-06-26 23:07:28, MOVE, v:1, k:ed@fractais_png, mode:EDIT
2026-06-26 23:44:27, MOVE, v:1, k:ed@editorint, mode:PICK
2026-06-26 23:44:41, SELF, v:1, k:ed@editorint, self:1, rate:100, study:90
2026-06-26 23:44:42, MOVE, v:1, k:ed@editorint, mode:BACK
2026-06-26 23:46:29, MOVE, v:1, k:ed@bufferring, mode:PICK
2026-06-26 23:49:13, EXEC, v:1, k:ed@bufferring, mode:FULL, size:103, fail:COMP
2026-06-26 23:49:29, EXEC, v:1, k:ed@bufferring, mode:FULL, rate:0, size:110
2026-06-26 23:49:42, EXEC, v:1, k:ed@bufferring, mode:FULL, rate:0, size:110
2026-06-26 23:52:06, EXEC, v:1, k:ed@bufferring, mode:FULL, size:110, fail:COMP
2026-06-26 23:52:12, EXEC, v:1, k:ed@bufferring, mode:FULL, size:110, fail:COMP
2026-06-26 23:53:00, EXEC, v:1, k:ed@bufferring, mode:FULL, size:111, fail:COMP
2026-06-26 23:52:54, MOVE, v:1, k:ed@bufferring, mode:EDIT
